src/screens/services/aadhaar-card-address/AadhaarToPdf.tsx(141,75): error TS2554: Expected 2 arguments, but got 3.
src/screens/services/aadhaar-card-address/AddressCorrectionAbove18.tsx(354,15): error TS2322: Type '(val: any, file: any) => void' is not assignable to type '(val: string) => void'.
  Target signature provides too few arguments. Expected 2 or more, but got 1.
src/screens/services/aadhaar-card-address/AddressCorrectionAbove18.tsx(354,26): error TS7006: Parameter 'val' implicitly has an 'any' type.
src/screens/services/aadhaar-card-address/AddressCorrectionAbove18.tsx(354,31): error TS7006: Parameter 'file' implicitly has an 'any' type.
src/screens/services/aadhaar-card-address/AddressCorrectionAbove18.tsx(366,15): error TS2322: Type '(val: any, file: any) => void' is not assignable to type '(val: string) => void'.
  Target signature provides too few arguments. Expected 2 or more, but got 1.
src/screens/services/aadhaar-card-address/AddressCorrectionAbove18.tsx(366,26): error TS7006: Parameter 'val' implicitly has an 'any' type.
src/screens/services/aadhaar-card-address/AddressCorrectionAbove18.tsx(366,31): error TS7006: Parameter 'file' implicitly has an 'any' type.
src/screens/services/aadhaar-card-address/AddressCorrectionAbove18.tsx(379,15): error TS2322: Type '(val: any, file: any) => void' is not assignable to type '(val: string) => void'.
  Target signature provides too few arguments. Expected 2 or more, but got 1.
src/screens/services/aadhaar-card-address/AddressCorrectionAbove18.tsx(379,26): error TS7006: Parameter 'val' implicitly has an 'any' type.
src/screens/services/aadhaar-card-address/AddressCorrectionAbove18.tsx(379,31): error TS7006: Parameter 'file' implicitly has an 'any' type.
src/screens/services/aadhaar-card-address/AddressCorrectionBelow18.tsx(368,15): error TS2322: Type '(val: any, file: any) => void' is not assignable to type '(val: string) => void'.
  Target signature provides too few arguments. Expected 2 or more, but got 1.
src/screens/services/aadhaar-card-address/AddressCorrectionBelow18.tsx(368,26): error TS7006: Parameter 'val' implicitly has an 'any' type.
src/screens/services/aadhaar-card-address/AddressCorrectionBelow18.tsx(368,31): error TS7006: Parameter 'file' implicitly has an 'any' type.
src/screens/services/aadhaar-card-address/AddressCorrectionBelow18.tsx(394,15): error TS2322: Type '(val: any, file: any) => void' is not assignable to type '(val: string) => void'.
  Target signature provides too few arguments. Expected 2 or more, but got 1.
src/screens/services/aadhaar-card-address/AddressCorrectionBelow18.tsx(394,26): error TS7006: Parameter 'val' implicitly has an 'any' type.
src/screens/services/aadhaar-card-address/AddressCorrectionBelow18.tsx(394,31): error TS7006: Parameter 'file' implicitly has an 'any' type.
src/screens/services/aadhaar-card-address/AddressCorrectionBelow18.tsx(406,15): error TS2322: Type '(val: any, file: any) => void' is not assignable to type '(val: string) => void'.
  Target signature provides too few arguments. Expected 2 or more, but got 1.
src/screens/services/aadhaar-card-address/AddressCorrectionBelow18.tsx(406,26): error TS7006: Parameter 'val' implicitly has an 'any' type.
src/screens/services/aadhaar-card-address/AddressCorrectionBelow18.tsx(406,31): error TS7006: Parameter 'file' implicitly has an 'any' type.
src/screens/services/aadhaar-card-address/EidToAadhaarPdf.tsx(134,75): error TS2554: Expected 2 arguments, but got 3.
src/screens/services/aadhaar-card-address/EidToAadhaarPdf.tsx(162,71): error TS2554: Expected 2 arguments, but got 3.
src/screens/services/aadhaar-card-address/EidToAadhaarPdf.tsx(175,71): error TS2554: Expected 2 arguments, but got 3.
src/screens/services/can-edit/AddressCorrectionForm.tsx(132,80): error TS2554: Expected 2 arguments, but got 3.
src/screens/services/can-edit/AddressCorrectionForm.tsx(145,82): error TS2554: Expected 2 arguments, but got 3.
src/screens/services/can-edit/AddressCorrectionForm.tsx(158,80): error TS2554: Expected 2 arguments, but got 3.
src/screens/services/can-edit/AddressCorrectionForm.tsx(193,82): error TS2554: Expected 2 arguments, but got 3.
src/screens/services/can-edit/AddressCorrectionForm.tsx(205,80): error TS2554: Expected 2 arguments, but got 3.
src/screens/services/can-edit/CanDeleteForm.tsx(151,80): error TS2554: Expected 2 arguments, but got 3.
src/screens/services/can-edit/CanDeleteForm.tsx(181,81): error TS2554: Expected 2 arguments, but got 3.
src/screens/services/can-edit/CanDeleteForm.tsx(193,80): error TS2554: Expected 2 arguments, but got 3.
src/screens/services/can-edit/CellNumberDobForm.tsx(164,19): error TS2322: Type '(val: any, file: any) => void' is not assignable to type '(val: string) => void'.
  Target signature provides too few arguments. Expected 2 or more, but got 1.
src/screens/services/can-edit/CellNumberDobForm.tsx(164,30): error TS7006: Parameter 'val' implicitly has an 'any' type.
src/screens/services/can-edit/CellNumberDobForm.tsx(164,35): error TS7006: Parameter 'file' implicitly has an 'any' type.
src/screens/services/can-edit/CellNumberDobForm.tsx(164,79): error TS2554: Expected 2 arguments, but got 3.
src/screens/services/can-edit/CellNumberDobForm.tsx(200,80): error TS2554: Expected 2 arguments, but got 3.
src/screens/services/can-edit/CellNumberDobForm.tsx(230,83): error TS2554: Expected 2 arguments, but got 3.
src/screens/services/can-edit/CertificateFindForm.tsx(156,84): error TS2554: Expected 2 arguments, but got 3.
src/screens/services/can-edit/CertificateFindForm.tsx(169,80): error TS2554: Expected 2 arguments, but got 3.
src/screens/services/can-edit/CertificateFindForm.tsx(200,86): error TS2554: Expected 2 arguments, but got 3.
src/screens/services/can-edit/DobCorrectionForm.tsx(130,76): error TS2554: Expected 2 arguments, but got 3.
src/screens/services/can-edit/DobCorrectionForm.tsx(147,15): error TS2322: Type '(val: any, file: any) => void' is not assignable to type '(val: string) => void'.
  Target signature provides too few arguments. Expected 2 or more, but got 1.
src/screens/services/can-edit/DobCorrectionForm.tsx(147,26): error TS7006: Parameter 'val' implicitly has an 'any' type.
src/screens/services/can-edit/DobCorrectionForm.tsx(147,31): error TS7006: Parameter 'file' implicitly has an 'any' type.
src/screens/services/can-edit/DobCorrectionForm.tsx(147,75): error TS2554: Expected 2 arguments, but got 3.
src/screens/services/can-edit/DobCorrectionForm.tsx(160,70): error TS2554: Expected 2 arguments, but got 3.
src/screens/services/can-edit/DobCorrectionForm.tsx(172,79): error TS2554: Expected 2 arguments, but got 3.
src/screens/services/can-edit/FatherNameCorrectionForm.tsx(128,83): error TS2554: Expected 2 arguments, but got 3.
src/screens/services/can-edit/FatherNameCorrectionForm.tsx(141,80): error TS2554: Expected 2 arguments, but got 3.
src/screens/services/can-edit/FatherNameCorrectionForm.tsx(153,82): error TS2554: Expected 2 arguments, but got 3.
src/screens/services/can-edit/FatherNameCorrectionForm.tsx(165,80): error TS2554: Expected 2 arguments, but got 3.
src/screens/services/can-edit/LegalHeirCertNoForm.tsx(132,84): error TS2554: Expected 2 arguments, but got 3.
src/screens/services/can-edit/LegalHeirCertNoForm.tsx(144,82): error TS2554: Expected 2 arguments, but got 3.
src/screens/services/can-edit/LegalHeirCertNoForm.tsx(157,80): error TS2554: Expected 2 arguments, but got 3.
src/screens/services/can-edit/MobileNumberForm.tsx(141,80): error TS2554: Expected 2 arguments, but got 3.
src/screens/services/can-edit/NameCellNumberDobForm.tsx(170,19): error TS2322: Type '(val: any, file: any) => void' is not assignable to type '(val: string) => void'.
  Target signature provides too few arguments. Expected 2 or more, but got 1.
src/screens/services/can-edit/NameCellNumberDobForm.tsx(170,30): error TS7006: Parameter 'val' implicitly has an 'any' type.
src/screens/services/can-edit/NameCellNumberDobForm.tsx(170,35): error TS7006: Parameter 'file' implicitly has an 'any' type.
src/screens/services/can-edit/NameCellNumberDobForm.tsx(170,79): error TS2554: Expected 2 arguments, but got 3.
src/screens/services/can-edit/NameCellNumberDobForm.tsx(201,75): error TS2554: Expected 2 arguments, but got 3.
src/screens/services/can-edit/NameCellNumberDobForm.tsx(214,80): error TS2554: Expected 2 arguments, but got 3.
src/screens/services/can-edit/NameCellNumberDobForm.tsx(249,83): error TS2554: Expected 2 arguments, but got 3.
src/screens/services/can-edit/NameCellNumberForm.tsx(163,19): error TS2322: Type '(val: any, file: any) => void' is not assignable to type '(val: string) => void'.
  Target signature provides too few arguments. Expected 2 or more, but got 1.
src/screens/services/can-edit/NameCellNumberForm.tsx(163,30): error TS7006: Parameter 'val' implicitly has an 'any' type.
src/screens/services/can-edit/NameCellNumberForm.tsx(163,35): error TS7006: Parameter 'file' implicitly has an 'any' type.
src/screens/services/can-edit/NameCellNumberForm.tsx(163,79): error TS2554: Expected 2 arguments, but got 3.
src/screens/services/can-edit/NameCellNumberForm.tsx(176,75): error TS2554: Expected 2 arguments, but got 3.
src/screens/services/can-edit/NameCellNumberForm.tsx(189,80): error TS2554: Expected 2 arguments, but got 3.
src/screens/services/can-edit/NameCellNumberForm.tsx(219,83): error TS2554: Expected 2 arguments, but got 3.
src/screens/services/can-edit/NameCorrectionForm.tsx(134,15): error TS2322: Type '(val: any, file: any) => void' is not assignable to type '(val: string) => void'.
  Target signature provides too few arguments. Expected 2 or more, but got 1.
src/screens/services/can-edit/NameCorrectionForm.tsx(134,26): error TS7006: Parameter 'val' implicitly has an 'any' type.
src/screens/services/can-edit/NameCorrectionForm.tsx(134,31): error TS7006: Parameter 'file' implicitly has an 'any' type.
src/screens/services/can-edit/NameCorrectionForm.tsx(134,75): error TS2554: Expected 2 arguments, but got 3.
src/screens/services/can-edit/NameCorrectionForm.tsx(146,15): error TS2322: Type '(val: any, file: any) => void' is not assignable to type '(val: string) => void'.
  Target signature provides too few arguments. Expected 2 or more, but got 1.
src/screens/services/can-edit/NameCorrectionForm.tsx(146,26): error TS7006: Parameter 'val' implicitly has an 'any' type.
src/screens/services/can-edit/NameCorrectionForm.tsx(146,31): error TS7006: Parameter 'file' implicitly has an 'any' type.
src/screens/services/can-edit/NameCorrectionForm.tsx(146,80): error TS2554: Expected 2 arguments, but got 3.
src/screens/services/can-edit/NameCorrectionForm.tsx(159,76): error TS2554: Expected 2 arguments, but got 3.
src/screens/services/can-edit/NameCorrectionForm.tsx(171,79): error TS2554: Expected 2 arguments, but got 3.
src/screens/services/can-edit/NameDobForm.tsx(132,19): error TS2322: Type '(val: any, file: any) => void' is not assignable to type '(val: string) => void'.
  Target signature provides too few arguments. Expected 2 or more, but got 1.
src/screens/services/can-edit/NameDobForm.tsx(132,30): error TS7006: Parameter 'val' implicitly has an 'any' type.
src/screens/services/can-edit/NameDobForm.tsx(132,35): error TS7006: Parameter 'file' implicitly has an 'any' type.
src/screens/services/can-edit/NameDobForm.tsx(132,79): error TS2554: Expected 2 arguments, but got 3.
src/screens/services/can-edit/NameDobForm.tsx(145,75): error TS2554: Expected 2 arguments, but got 3.
src/screens/services/can-edit/NameDobForm.tsx(158,80): error TS2554: Expected 2 arguments, but got 3.
src/screens/services/can-edit/NameDobForm.tsx(193,83): error TS2554: Expected 2 arguments, but got 3.
src/screens/services/can-edit/NewCanRegistrationForm.tsx(214,15): error TS2322: Type '(val: any, file: any) => void' is not assignable to type '(val: string) => void'.
  Target signature provides too few arguments. Expected 2 or more, but got 1.
src/screens/services/can-edit/NewCanRegistrationForm.tsx(214,26): error TS7006: Parameter 'val' implicitly has an 'any' type.
src/screens/services/can-edit/NewCanRegistrationForm.tsx(214,31): error TS7006: Parameter 'file' implicitly has an 'any' type.
src/screens/services/can-edit/NewCanRegistrationForm.tsx(214,77): error TS2554: Expected 2 arguments, but got 3.
src/screens/services/can-edit/NewCanRegistrationForm.tsx(229,15): error TS2322: Type '(val: any, file: any) => void' is not assignable to type '(val: string) => void'.
  Target signature provides too few arguments. Expected 2 or more, but got 1.
src/screens/services/can-edit/NewCanRegistrationForm.tsx(229,26): error TS7006: Parameter 'val' implicitly has an 'any' type.
src/screens/services/can-edit/NewCanRegistrationForm.tsx(229,31): error TS7006: Parameter 'file' implicitly has an 'any' type.
src/screens/services/can-edit/NewCanRegistrationForm.tsx(229,80): error TS2554: Expected 2 arguments, but got 3.
src/screens/services/can-edit/NewCanRegistrationForm.tsx(241,15): error TS2322: Type '(val: any, file: any) => void' is not assignable to type '(val: string) => void'.
  Target signature provides too few arguments. Expected 2 or more, but got 1.
src/screens/services/can-edit/NewCanRegistrationForm.tsx(241,26): error TS7006: Parameter 'val' implicitly has an 'any' type.
src/screens/services/can-edit/NewCanRegistrationForm.tsx(241,31): error TS7006: Parameter 'file' implicitly has an 'any' type.
src/screens/services/can-edit/NewCanRegistrationForm.tsx(241,80): error TS2554: Expected 2 arguments, but got 3.
src/screens/services/can-edit/NewCanRegistrationForm.tsx(253,15): error TS2322: Type '(val: any, file: any) => void' is not assignable to type '(val: string) => void'.
  Target signature provides too few arguments. Expected 2 or more, but got 1.
src/screens/services/can-edit/NewCanRegistrationForm.tsx(253,26): error TS7006: Parameter 'val' implicitly has an 'any' type.
src/screens/services/can-edit/NewCanRegistrationForm.tsx(253,31): error TS7006: Parameter 'file' implicitly has an 'any' type.
src/screens/services/can-edit/NewCanRegistrationForm.tsx(253,80): error TS2554: Expected 2 arguments, but got 3.
src/screens/services/can-edit/NewCanRegistrationForm.tsx(289,75): error TS2554: Expected 2 arguments, but got 3.
src/screens/services/can-edit/NewCanRegistrationForm.tsx(302,76): error TS2554: Expected 2 arguments, but got 3.
src/screens/services/can-edit/NewCanRegistrationForm.tsx(315,71): error TS2554: Expected 2 arguments, but got 3.
src/screens/services/can-edit/NewCanRegistrationForm.tsx(328,73): error TS2554: Expected 2 arguments, but got 3.
src/screens/services/can-edit/NewCanRegistrationForm.tsx(345,15): error TS2322: Type '(val: any, file: any) => void' is not assignable to type '(val: string) => void'.
  Target signature provides too few arguments. Expected 2 or more, but got 1.
src/screens/services/can-edit/NewCanRegistrationForm.tsx(345,26): error TS7006: Parameter 'val' implicitly has an 'any' type.
src/screens/services/can-edit/NewCanRegistrationForm.tsx(345,31): error TS7006: Parameter 'file' implicitly has an 'any' type.
src/screens/services/can-edit/NewCanRegistrationForm.tsx(345,75): error TS2554: Expected 2 arguments, but got 3.
src/screens/services/can-edit/NewCanRegistrationForm.tsx(358,72): error TS2554: Expected 2 arguments, but got 3.
src/screens/services/can-edit/NewCanRegistrationForm.tsx(374,85): error TS2554: Expected 2 arguments, but got 3.
src/screens/services/can-edit/NewCanRegistrationForm.tsx(387,82): error TS2554: Expected 2 arguments, but got 3.
src/screens/services/can-edit/NewCanRegistrationForm.tsx(400,82): error TS2554: Expected 2 arguments, but got 3.
src/screens/services/can-edit/NewCanRegistrationForm.tsx(413,84): error TS2554: Expected 2 arguments, but got 3.
src/screens/services/can-edit/NewCanRegistrationForm.tsx(449,15): error TS2322: Type '(val: any, file: any) => void' is not assignable to type '(val: string) => void'.
  Target signature provides too few arguments. Expected 2 or more, but got 1.
src/screens/services/can-edit/NewCanRegistrationForm.tsx(449,26): error TS7006: Parameter 'val' implicitly has an 'any' type.
src/screens/services/can-edit/NewCanRegistrationForm.tsx(449,31): error TS7006: Parameter 'file' implicitly has an 'any' type.
src/screens/services/can-edit/NewCanRegistrationForm.tsx(449,76): error TS2554: Expected 2 arguments, but got 3.
src/screens/services/can-edit/NewCanRegistrationForm.tsx(480,78): error TS2554: Expected 2 arguments, but got 3.
src/screens/services/can-edit/NewCanRegistrationForm.tsx(493,82): error TS2554: Expected 2 arguments, but got 3.
src/screens/services/can-edit/NewCanRegistrationForm.tsx(506,80): error TS2554: Expected 2 arguments, but got 3.
src/screens/services/can-edit/NewCanRegistrationForm.tsx(519,79): error TS2554: Expected 2 arguments, but got 3.
src/screens/services/can-edit/NewCanRegistrationForm.tsx(535,87): error TS2554: Expected 2 arguments, but got 3.
src/screens/services/can-edit/NewCanRegistrationForm.tsx(548,84): error TS2554: Expected 2 arguments, but got 3.
src/screens/services/can-edit/NewCanRegistrationForm.tsx(561,84): error TS2554: Expected 2 arguments, but got 3.
src/screens/services/can-edit/NewCanRegistrationForm.tsx(574,86): error TS2554: Expected 2 arguments, but got 3.
src/screens/services/can-edit/NewCanRegistrationForm.tsx(591,15): error TS2322: Type '(val: any, file: any) => void' is not assignable to type '(val: string) => void'.
  Target signature provides too few arguments. Expected 2 or more, but got 1.
src/screens/services/can-edit/NewCanRegistrationForm.tsx(591,26): error TS7006: Parameter 'val' implicitly has an 'any' type.
src/screens/services/can-edit/NewCanRegistrationForm.tsx(591,31): error TS7006: Parameter 'file' implicitly has an 'any' type.
src/screens/services/can-edit/NewCanRegistrationForm.tsx(591,80): error TS2554: Expected 2 arguments, but got 3.
src/screens/services/can-edit/NewCanRegistrationForm.tsx(604,72): error TS2554: Expected 2 arguments, but got 3.
src/screens/services/can-edit/NewCanRegistrationForm.tsx(616,78): error TS2554: Expected 2 arguments, but got 3.
src/screens/services/can-edit/NewCanRegistrationForm.tsx(628,76): error TS2554: Expected 2 arguments, but got 3.
src/screens/services/can-edit/NewCanRegistrationForm.tsx(641,84): error TS2554: Expected 2 arguments, but got 3.
src/screens/services/can-edit/NewCanRegistrationForm.tsx(669,77): error TS2554: Expected 2 arguments, but got 3.
src/screens/services/can-edit/ReturnAppRemovedForm.tsx(129,80): error TS2554: Expected 2 arguments, but got 3.
src/screens/services/can-edit/ReturnAppRemovedForm.tsx(142,82): error TS2554: Expected 2 arguments, but got 3.
src/screens/services/can-edit/ReturnAppRemovedForm.tsx(154,82): error TS2554: Expected 2 arguments, but got 3.
src/screens/services/can-edit/ReturnAppRemovedForm.tsx(166,80): error TS2554: Expected 2 arguments, but got 3.
src/screens/services/can-edit/SavedAppRemovedForm.tsx(131,80): error TS2554: Expected 2 arguments, but got 3.
src/screens/services/can-edit/SavedAppRemovedForm.tsx(143,83): error TS2554: Expected 2 arguments, but got 3.
src/screens/services/can-edit/SavedAppRemovedForm.tsx(156,84): error TS2554: Expected 2 arguments, but got 3.
src/screens/services/can-edit/SavedAppRemovedForm.tsx(169,86): error TS2554: Expected 2 arguments, but got 3.
src/screens/services/certificate-courses/CertificateCoursesForm.tsx(198,69): error TS2554: Expected 2 arguments, but got 3.
src/screens/services/certificate-courses/CertificateCoursesForm.tsx(209,71): error TS2554: Expected 2 arguments, but got 3.
src/screens/services/certificate-courses/CertificateCoursesForm.tsx(219,13): error TS2322: Type '(val: any, file: any) => void' is not assignable to type '(val: string) => void'.
  Target signature provides too few arguments. Expected 2 or more, but got 1.
src/screens/services/certificate-courses/CertificateCoursesForm.tsx(219,24): error TS7006: Parameter 'val' implicitly has an 'any' type.
src/screens/services/certificate-courses/CertificateCoursesForm.tsx(219,29): error TS7006: Parameter 'file' implicitly has an 'any' type.
src/screens/services/certificate-courses/CertificateCoursesForm.tsx(219,73): error TS2554: Expected 2 arguments, but got 3.
src/screens/services/certificate-courses/CertificateCoursesForm.tsx(248,13): error TS2322: Type '(val: any, file: any) => void' is not assignable to type '(val: string) => void'.
  Target signature provides too few arguments. Expected 2 or more, but got 1.
src/screens/services/certificate-courses/CertificateCoursesForm.tsx(248,24): error TS7006: Parameter 'val' implicitly has an 'any' type.
src/screens/services/certificate-courses/CertificateCoursesForm.tsx(248,29): error TS7006: Parameter 'file' implicitly has an 'any' type.
src/screens/services/certificate-courses/CertificateCoursesForm.tsx(248,76): error TS2554: Expected 2 arguments, but got 3.
src/screens/services/certificate-courses/CertificateCoursesForm.tsx(259,75): error TS2554: Expected 2 arguments, but got 3.
src/screens/services/certificate-courses/CertificateCoursesForm.tsx(270,70): error TS2554: Expected 2 arguments, but got 3.
src/screens/services/certificate-courses/CertificateCoursesForm.tsx(280,13): error TS2322: Type '(val: any, file: any) => void' is not assignable to type '(val: string) => void'.
  Target signature provides too few arguments. Expected 2 or more, but got 1.
src/screens/services/certificate-courses/CertificateCoursesForm.tsx(280,24): error TS7006: Parameter 'val' implicitly has an 'any' type.
src/screens/services/certificate-courses/CertificateCoursesForm.tsx(280,29): error TS7006: Parameter 'file' implicitly has an 'any' type.
src/screens/services/certificate-courses/CertificateCoursesForm.tsx(280,75): error TS2554: Expected 2 arguments, but got 3.
src/screens/services/certificate-courses/CertificateCoursesForm.tsx(294,75): error TS2554: Expected 2 arguments, but got 3.
src/screens/services/certificate-courses/CertificateCoursesForm.tsx(305,75): error TS2554: Expected 2 arguments, but got 3.
src/screens/services/cm-health-card/CmHealthCardForm.tsx(150,76): error TS2554: Expected 2 arguments, but got 3.
src/screens/services/cm-health-card/CmHealthCardForm.tsx(176,13): error TS2322: Type '(val: any, file: any) => void' is not assignable to type '(val: string) => void'.
  Target signature provides too few arguments. Expected 2 or more, but got 1.
src/screens/services/cm-health-card/CmHealthCardForm.tsx(176,24): error TS7006: Parameter 'val' implicitly has an 'any' type.
src/screens/services/cm-health-card/CmHealthCardForm.tsx(176,29): error TS7006: Parameter 'file' implicitly has an 'any' type.
src/screens/services/cm-health-card/CmHealthCardForm.tsx(176,71): error TS2554: Expected 2 arguments, but got 3.
src/screens/services/cm-health-card/CmHealthCardForm.tsx(205,13): error TS2322: Type '(val: any, file: any) => void' is not assignable to type '(val: string) => void'.
  Target signature provides too few arguments. Expected 2 or more, but got 1.
src/screens/services/cm-health-card/CmHealthCardForm.tsx(205,24): error TS7006: Parameter 'val' implicitly has an 'any' type.
src/screens/services/cm-health-card/CmHealthCardForm.tsx(205,29): error TS7006: Parameter 'file' implicitly has an 'any' type.
src/screens/services/cm-health-card/CmHealthCardForm.tsx(205,83): error TS2554: Expected 2 arguments, but got 3.
src/screens/services/cm-health-card/CmHealthCardForm.tsx(220,13): error TS2322: Type '(val: any, file: any) => void' is not assignable to type '(val: string) => void'.
  Target signature provides too few arguments. Expected 2 or more, but got 1.
src/screens/services/cm-health-card/CmHealthCardForm.tsx(220,24): error TS7006: Parameter 'val' implicitly has an 'any' type.
src/screens/services/cm-health-card/CmHealthCardForm.tsx(220,29): error TS7006: Parameter 'file' implicitly has an 'any' type.
src/screens/services/cm-health-card/CmHealthCardForm.tsx(220,78): error TS2554: Expected 2 arguments, but got 3.
src/screens/services/cm-health-card/CmHealthCardForm.tsx(241,83): error TS2554: Expected 2 arguments, but got 3.
src/screens/services/cm-health-card/CmHealthCardForm.tsx(251,78): error TS2554: Expected 2 arguments, but got 3.
src/screens/services/cm-health-card/CmHealthCardForm.tsx(261,80): error TS2554: Expected 2 arguments, but got 3.
src/screens/services/cm-health-card/CmHealthCardForm.tsx(271,78): error TS2554: Expected 2 arguments, but got 3.
src/screens/services/cm-health-card/CmHealthCardForm.tsx(281,82): error TS2554: Expected 2 arguments, but got 3.
src/screens/services/dharsan/DharsanPage.tsx(383,27): error TS2322: Type '(val: any, file: any) => void' is not assignable to type '(val: string) => void'.
  Target signature provides too few arguments. Expected 2 or more, but got 1.
src/screens/services/dharsan/DharsanPage.tsx(383,38): error TS7006: Parameter 'val' implicitly has an 'any' type.
src/screens/services/dharsan/DharsanPage.tsx(383,43): error TS7006: Parameter 'file' implicitly has an 'any' type.
src/screens/services/employment-services/LapsedRegistrationRenewal.tsx(190,75): error TS2554: Expected 2 arguments, but got 3.
src/screens/services/employment-services/LapsedRegistrationRenewal.tsx(221,79): error TS2554: Expected 2 arguments, but got 3.
src/screens/services/employment-services/LapsedRegistrationRenewal.tsx(234,75): error TS2554: Expected 2 arguments, but got 3.
src/screens/services/employment-services/LapsedRegistrationRenewal.tsx(247,82): error TS2554: Expected 2 arguments, but got 3.
src/screens/services/employment-services/LapsedRegistrationRenewal.tsx(283,81): error TS2554: Expected 2 arguments, but got 3.
src/screens/services/employment-services/LapsedRegistrationRenewal.tsx(295,81): error TS2554: Expected 2 arguments, but got 3.
src/screens/services/fssai/NewFssaiRegistration.tsx(267,11): error TS2322: Type '(val: any, file: any) => void' is not assignable to type '(val: string) => void'.
  Target signature provides too few arguments. Expected 2 or more, but got 1.
src/screens/services/fssai/NewFssaiRegistration.tsx(267,22): error TS7006: Parameter 'val' implicitly has an 'any' type.
src/screens/services/fssai/NewFssaiRegistration.tsx(267,27): error TS7006: Parameter 'file' implicitly has an 'any' type.
src/screens/services/fssai/NewFssaiRegistration.tsx(267,76): error TS2554: Expected 2 arguments, but got 3.
src/screens/services/fssai/NewFssaiRegistration.tsx(284,75): error TS2554: Expected 2 arguments, but got 3.
src/screens/services/fssai/NewFssaiRegistration.tsx(297,15): error TS2322: Type '(val: any, file: any) => void' is not assignable to type '(val: string) => void'.
  Target signature provides too few arguments. Expected 2 or more, but got 1.
src/screens/services/fssai/NewFssaiRegistration.tsx(297,26): error TS7006: Parameter 'val' implicitly has an 'any' type.
src/screens/services/fssai/NewFssaiRegistration.tsx(297,31): error TS7006: Parameter 'file' implicitly has an 'any' type.
src/screens/services/fssai/NewFssaiRegistration.tsx(297,78): error TS2554: Expected 2 arguments, but got 3.
src/screens/services/fssai/NewFssaiRegistration.tsx(328,74): error TS2554: Expected 2 arguments, but got 3.
src/screens/services/fssai/NewFssaiRegistration.tsx(341,80): error TS2554: Expected 2 arguments, but got 3.
src/screens/services/fssai/NewFssaiRegistration.tsx(376,15): error TS2322: Type '(val: any, file: any) => void' is not assignable to type '(val: string) => void'.
  Target signature provides too few arguments. Expected 2 or more, but got 1.
src/screens/services/fssai/NewFssaiRegistration.tsx(376,26): error TS7006: Parameter 'val' implicitly has an 'any' type.
src/screens/services/fssai/NewFssaiRegistration.tsx(376,31): error TS7006: Parameter 'file' implicitly has an 'any' type.
src/screens/services/fssai/NewFssaiRegistration.tsx(376,79): error TS2554: Expected 2 arguments, but got 3.
src/screens/services/fssai/NewFssaiRegistration.tsx(397,15): error TS2322: Type '(val: any, file: any) => void' is not assignable to type '(val: string) => void'.
  Target signature provides too few arguments. Expected 2 or more, but got 1.
src/screens/services/fssai/NewFssaiRegistration.tsx(397,26): error TS7006: Parameter 'val' implicitly has an 'any' type.
src/screens/services/fssai/NewFssaiRegistration.tsx(397,31): error TS7006: Parameter 'file' implicitly has an 'any' type.
src/screens/services/fssai/NewFssaiRegistration.tsx(397,79): error TS2554: Expected 2 arguments, but got 3.
src/screens/services/fssai/NewFssaiRegistration.tsx(409,76): error TS2554: Expected 2 arguments, but got 3.
src/screens/services/fssai/NewFssaiRegistration.tsx(422,80): error TS2554: Expected 2 arguments, but got 3.
src/screens/services/fssai/NewFssaiRegistration.tsx(449,74): error TS2554: Expected 2 arguments, but got 3.
src/screens/services/fssai/NewFssaiRegistration.tsx(461,78): error TS2554: Expected 2 arguments, but got 3.
src/screens/services/fssai/NewFssaiRegistration.tsx(473,81): error TS2554: Expected 2 arguments, but got 3.
src/screens/services/gst/GstRegistrationForm.tsx(116,74): error TS2554: Expected 2 arguments, but got 3.
src/screens/services/gst/GstRegistrationForm.tsx(179,13): error TS2322: Type '(val: any, file: any) => void' is not assignable to type '(val: string) => void'.
  Target signature provides too few arguments. Expected 2 or more, but got 1.
src/screens/services/gst/GstRegistrationForm.tsx(179,24): error TS7006: Parameter 'val' implicitly has an 'any' type.
src/screens/services/gst/GstRegistrationForm.tsx(179,29): error TS7006: Parameter 'file' implicitly has an 'any' type.
src/screens/services/gst/GstRegistrationForm.tsx(179,80): error TS2554: Expected 2 arguments, but got 3.
src/screens/services/gst/GstRegistrationForm.tsx(192,70): error TS2554: Expected 2 arguments, but got 3.
src/screens/services/gst/GstRegistrationForm.tsx(202,76): error TS2554: Expected 2 arguments, but got 3.
src/screens/services/gst/GstRegistrationForm.tsx(212,72): error TS2554: Expected 2 arguments, but got 3.
src/screens/services/gst/GstRegistrationForm.tsx(222,77): error TS2554: Expected 2 arguments, but got 3.
src/screens/services/gst/GstRegistrationForm.tsx(233,13): error TS2322: Type '(val: any, file: any) => void' is not assignable to type '(val: string) => void'.
  Target signature provides too few arguments. Expected 2 or more, but got 1.
src/screens/services/gst/GstRegistrationForm.tsx(233,24): error TS7006: Parameter 'val' implicitly has an 'any' type.
src/screens/services/gst/GstRegistrationForm.tsx(233,29): error TS7006: Parameter 'file' implicitly has an 'any' type.
src/screens/services/gst/GstRegistrationForm.tsx(233,80): error TS2554: Expected 2 arguments, but got 3.
src/screens/services/msme/MobileToMsmeUdhayamFind.tsx(132,15): error TS2322: Type '(val: any, file: any) => void' is not assignable to type '(val: string) => void'.
  Target signature provides too few arguments. Expected 2 or more, but got 1.
src/screens/services/msme/MobileToMsmeUdhayamFind.tsx(132,26): error TS7006: Parameter 'val' implicitly has an 'any' type.
src/screens/services/msme/MobileToMsmeUdhayamFind.tsx(132,31): error TS7006: Parameter 'file' implicitly has an 'any' type.
src/screens/services/msme/MobileToMsmeUdhayamFind.tsx(132,75): error TS2554: Expected 2 arguments, but got 3.
src/screens/services/police-verification/PoliceVerificationForm.tsx(115,69): error TS2554: Expected 2 arguments, but got 3.
src/screens/services/police-verification/PoliceVerificationForm.tsx(126,68): error TS2554: Expected 2 arguments, but got 3.
src/screens/services/police-verification/PoliceVerificationForm.tsx(137,13): error TS2322: Type '(val: any, file: any) => void' is not assignable to type '(val: string) => void'.
  Target signature provides too few arguments. Expected 2 or more, but got 1.
src/screens/services/police-verification/PoliceVerificationForm.tsx(137,24): error TS7006: Parameter 'val' implicitly has an 'any' type.
src/screens/services/police-verification/PoliceVerificationForm.tsx(137,29): error TS7006: Parameter 'file' implicitly has an 'any' type.
src/screens/services/police-verification/PoliceVerificationForm.tsx(137,77): error TS2554: Expected 2 arguments, but got 3.
src/screens/services/police-verification/PoliceVerificationForm.tsx(148,70): error TS2554: Expected 2 arguments, but got 3.
src/screens/services/police-verification/PoliceVerificationForm.tsx(209,75): error TS2554: Expected 2 arguments, but got 3.
src/screens/services/police-verification/PoliceVerificationForm.tsx(236,13): error TS2322: Type '(val: any, file: any) => void' is not assignable to type '(val: string) => void'.
  Target signature provides too few arguments. Expected 2 or more, but got 1.
src/screens/services/police-verification/PoliceVerificationForm.tsx(236,24): error TS7006: Parameter 'val' implicitly has an 'any' type.
src/screens/services/police-verification/PoliceVerificationForm.tsx(236,29): error TS7006: Parameter 'file' implicitly has an 'any' type.
src/screens/services/police-verification/PoliceVerificationForm.tsx(236,79): error TS2554: Expected 2 arguments, but got 3.
src/screens/services/ration-card/AdhaarToRation.tsx(129,75): error TS2554: Expected 2 arguments, but got 3.
src/screens/services/ration-card/RationToAdhaar.tsx(127,79): error TS2554: Expected 2 arguments, but got 3.
src/screens/services/registration-dept/DocumentCopy.tsx(151,17): error TS2322: Type '(val: any, file: any) => void' is not assignable to type '(val: string) => void'.
  Target signature provides too few arguments. Expected 2 or more, but got 1.
src/screens/services/registration-dept/DocumentCopy.tsx(151,28): error TS7006: Parameter 'val' implicitly has an 'any' type.
src/screens/services/registration-dept/DocumentCopy.tsx(151,33): error TS7006: Parameter 'file' implicitly has an 'any' type.
src/screens/services/registration-dept/DocumentCopy.tsx(151,77): error TS2554: Expected 2 arguments, but got 3.
src/screens/services/registration-dept/DocumentCopy.tsx(164,78): error TS2554: Expected 2 arguments, but got 3.
src/screens/services/registration-dept/DocumentCopy.tsx(193,72): error TS2554: Expected 2 arguments, but got 3.
src/screens/services/tnega/TnegaCustomerForm.tsx(166,80): error TS2554: Expected 2 arguments, but got 3.
src/screens/services/tnega/TnegaCustomerForm.tsx(175,70): error TS2554: Expected 2 arguments, but got 3.
src/screens/services/tnega/TnegaCustomerForm.tsx(187,15): error TS2322: Type '(val: any, file: any) => void' is not assignable to type '(val: string) => void'.
  Target signature provides too few arguments. Expected 2 or more, but got 1.
src/screens/services/tnega/TnegaCustomerForm.tsx(187,26): error TS7006: Parameter 'val' implicitly has an 'any' type.
src/screens/services/tnega/TnegaCustomerForm.tsx(187,31): error TS7006: Parameter 'file' implicitly has an 'any' type.
src/screens/services/tnega/TnegaCustomerForm.tsx(187,73): error TS2554: Expected 2 arguments, but got 3.
src/screens/services/tnega/TnegaCustomerForm.tsx(196,72): error TS2554: Expected 2 arguments, but got 3.
src/screens/services/tnega/TnegaCustomerForm.tsx(209,15): error TS2322: Type '(val: any, file: any) => void' is not assignable to type '(val: string) => void'.
  Target signature provides too few arguments. Expected 2 or more, but got 1.
src/screens/services/tnega/TnegaCustomerForm.tsx(209,26): error TS7006: Parameter 'val' implicitly has an 'any' type.
src/screens/services/tnega/TnegaCustomerForm.tsx(209,31): error TS7006: Parameter 'file' implicitly has an 'any' type.
src/screens/services/tnega/TnegaCustomerForm.tsx(209,75): error TS2554: Expected 2 arguments, but got 3.
src/screens/services/tnega/TnegaCustomerForm.tsx(218,72): error TS2554: Expected 2 arguments, but got 3.
src/screens/services/tnega/TnegaCustomerForm.tsx(227,70): error TS2554: Expected 2 arguments, but got 3.
src/screens/services/tnega/TnegaCustomerForm.tsx(236,72): error TS2554: Expected 2 arguments, but got 3.
src/screens/services/tnega/TnegaCustomerForm.tsx(245,76): error TS2554: Expected 2 arguments, but got 3.
src/screens/services/tnega/TnegaCustomerForm.tsx(254,78): error TS2554: Expected 2 arguments, but got 3.
src/screens/services/tnega/TnegaCustomerForm.tsx(263,78): error TS2554: Expected 2 arguments, but got 3.
src/screens/services/tnega/TnegaCustomerForm.tsx(272,76): error TS2554: Expected 2 arguments, but got 3.
src/screens/services/tnega/TnegaCustomerForm.tsx(281,76): error TS2554: Expected 2 arguments, but got 3.
src/screens/services/tnega/TnegaCustomerForm.tsx(289,15): error TS2322: Type '(val: any, file: any) => void' is not assignable to type '(val: string) => void'.
  Target signature provides too few arguments. Expected 2 or more, but got 1.
src/screens/services/tnega/TnegaCustomerForm.tsx(289,26): error TS7006: Parameter 'val' implicitly has an 'any' type.
src/screens/services/tnega/TnegaCustomerForm.tsx(289,31): error TS7006: Parameter 'file' implicitly has an 'any' type.
src/screens/services/tnega/TnegaCustomerForm.tsx(289,74): error TS2554: Expected 2 arguments, but got 3.
src/screens/services/voter-id/EpicVoterPdf.tsx(115,83): error TS2554: Expected 2 arguments, but got 3.
src/screens/services/voter-id/UpdateCellNumberWithOtp.tsx(170,83): error TS2554: Expected 2 arguments, but got 3.
src/screens/services/voter-id/UpdateCellNumberWithoutOtp.tsx(140,83): error TS2554: Expected 2 arguments, but got 3.
